>ASV_1
CTCGTGTCGTGAGATGTTGGGTTAAGTCCCGCAACGAGCGCAACCCTTGTTCACTGTTGCCAGCACGTTATGGTGGGGACTCAGTGGAGACCGCCGGGGTCAACTCGGAGGAAGGTGGGGATGACGTCAAGTCATCATGCCCCTTATGTCCAGGGCTTCACGCATGCTACAATGGCTGGTACAGAGAGTGGCGAGCCTGTGAGGGTGAGCGAATCTCGGAAAGCCGGTCTCAGTTCGGATTGGGGTCTGCAACTCGACCTCATGAAGTCGGAGTCGCTAGTAATCGCAGATCAGCAACGCTGCGGTGAATA
>ASV_2
CTCGTGTCGTGAGATGTTGGGTTAAGTCCCGCAACGAGCGCAACCCTCGTTCTATGTTGCCAGCACGTTATGGTGGGGACTCATAGGAGACTGCCGGGGTCAACTCGGAGGAAGGTGGGGATGACGTCAAATCATCATGCCCCTTATGTCTTGGGCTTCACGCATGCTACAATGGCCGGTACAGAGGGTTGCGATACTGTGAGGTGGAGCTAATCCCTAAAAGCCGGTCTCAGTTCGGATTGGGGTCTGCAACTCGACCCCATGAAGTCGGAGTCGCTAGTAATCGCAGATCAGCAACGCTGCGGTGAATA
>ASV_3
CTCGTGTCGTGAGATGTTGGGTTAAGTCCCGCAACGAGCGCAACCCCTATTGTTAGTTGCCATCATTCAGTTGGGCACTCTAGCGAGACTGCCGGTAATAAACCGGAGGAAGGTGGGGATGACGTCAAATCATCATGCCCCTTATGACCTGGGCTACACACGTGCTACAATGGTTGGTACAACGAGTTGCGAGTCGGTGACGGCAAGCTAATCTCTTAAAGCCAATCTCAGTTCGGATTGTAGGCTGCAACTCGCCTACATGAAGTCGGAATCGCTAGTAATCGCGGATCAGCACGCCGCGGTGAATA
>ASV_4
CTCGTGTCGTGAGATGTTGGGTTAAGTCCCGCAACGAGCGCAACCCTTATCTTCAGTTGCCAGCACGTAGAGGTGGGAACTCTGGAGAGACTGCCGATGACAAATCGGAGGAAGGTGGGGATGACGTCAAATCATCATGCCCTTTATGTCTTGGGCTACACACGTGCTACAATGGTTGGTACAACGAGAAGCGAGATAGAGATGTTAAGCGAAACTCTAAAAACCAATCTCAGTTCGGATTGTAGGCTGCAACTCGCCTACATGAAGTCGGAGTTGCTAGTAATCGCGAATCAGAATGTCGCGGTGAATG
>ASV_5
CTCGTGTCGTGAGATGTTGGGTTAAGTCCCGCAACGAGCGCAACCCCTATTGTTAGTTGCCATCATTCAGTTGGGCACTCTAGCGAGACTGCCGGTAATAAACCGGAGGAAGGTGGGGATGACGTCAAATCATCATGCCCCTTATGACCTGGGCTACACACGTGCTACAATGGTTGGTACAACGAGTTGCGAGTCGGTGACGGCAAGCTAATCTCTTAAAGCCAATCTCAGTTCGGATTGTAGGCTGCAACTCGCCTACATGAAGTCGGAATCGCTAGTAATCGCGGATCAGCACGCTGCGGTGAATA
>ASV_6
CTCGTGTCGTGAGATGTTGGGTTAAGTCCCGCAACGAGCGCAACCCCTTTCGTATGTTACCATCATTAAGTTGGGGACTCATGCGATACTGCCTACGATGAGTAGGAGGAAGGTGGGGATGACGTCAAGTCATCATGCCCCTTATACGCTGGGCTACACACGTGCTACAATGGGTAGAACAGAGAGTTGCAAAGCTGTGAAGTGGAGCTAATCTCAGAAAACTATTCTTAGTTCGGATTGTACTCTGCAACTCGAGTACATGAAGTTGGAATCGCTAGTAATCGCGAATCAGCAATGTCGCGGTGAATA
>ASV_7
CTCGTGTCGTGAGATGTTGGGTTAAGTCCCGCAACGAGCGCAACCCTCGTCCACTGTTGCCAGCAATTCGGTTGGGGACTCAGTGGAGACCGCCGGGGTCAACTCGGAGGAAGGTGGGGATGACGTCAAGTCATCATGCCCCTTATGTCCAGGGCTTCACGCATGCTACAATGGCCGGTACAGTGAGTTGCGACATCGTAAGGTGGAGCGAATCTCAAAAAGCCGGTCTCAGTTCGGATTGGGGTCTGCAACTCGACCTCATGAAGTCGGAGTCGCTAGTAATCGCAGATCAGCAACGCTGCGGTGAATA
>ASV_8
CTCGTGTCGTGAGATGTTGGGTTAAGTCCCGCAACGAGCGCAACCCTTGCCCTATGTTGCCAGCACGTGATGGTGGGGACTCGTGGGGGACTGCCGGGGTTAACTCGGAGGAAGGTGGGGATGACGTCAAATCATCATGCCCCTTATGTCTTGGGCTTCACGCATGCTACAATGGTTGGTACAGAGGGTTGCGATATCGTGAGGTGGAGCGAATCCCTTAAAGCCAGTCTCAGTTCGGATTGGGGTCTGCAACTCGACCCCATGAAGGTGGAGTCGCTAGTAATCGCAGATCAGCAACGCTGCGGTGAATA
>ASV_9
CTCGTGTCGTGAGATGTTGGGTTAAGTCCCGCAACGAGCGCAACCCTTATATCTAGTTGCCAGCAGTAAGATGGGGACTCTAGATAGACTGCCAGTGATAAACTGGAGGAAGGTGGGGATGACGTCAAATCATCATGCCCCTTATGACTTGGGCTACACACGTGCTACAATGGATAGGAACAAAGAGAAGCGAGCTCGCGAGAGTAAGCAAACCTCACAAAACTATTCTCAGTTCGGATTGTAGTCTGCAACTCGACTACATGAAGCTGGAATCGCTAGTAATCGCGAATCAGAATGTCGCGGTGAATA
>ASV_10
CTCGTGTCGTGAGATGTTGGGTTAAGTCCCGCAACGAGCGCAACCCTTGCCCTATGTTGCCAGCACGTTATGGTGGGGACTCGTGGGGGACTGCCGGGGTTAACTCGGAGGAAGGTGGGGATGACGTCAAATCATCATGCCCCTTATGTCTTGGGCTTCACGCATGCTACAATGGCTGGTACAGAGGGTTGCGAAATCGTGAGGTGGAGCGAATCCCTTAAAGCCGGTCTCAGTTCGGATTGGGGTCTGCAACTCGACCCCATGAAGGTGGAGTCGCTAGTAATCGCAGATCAGCAACGCTGCGGTGAATA
>ASV_11
CTCGTGTCGTGAGATGTTGGGTTAAGTCCCGCAACGAGCGCAACCCTCGTTCTATGTTGCCAGCACGTGATGGTGGGGACTCATAGGAGACTGCCGGGGTTAACTCGGAGGAAGGTGGGGATGACGTCAAATCATCATGCCCCTTATGTCTTGGGCTTCACGCATGCTACAATGGCCGGTACAGAGGGTTGCGATACTGTGAGGTGGAGCTAATCCCTAAAAGCCGGTCTCAGTTCGGATTGGGGTCTGCAACTCGACCCCATGAAGTCGGAGTCGCTAGTAATCGCAGATCAGCAACGCTGCGGTGAATA
>ASV_12
CTCGTGTCGTGAGATGTTTGGTTAAGTCCATCAACGAGCGCAACCCTTGCAACCAGTTGTATTTTTCTGGTAGGACTGCCCCGGTAACGGGGAGGAAGGAGGGGATGATGTCAGGTCAGTATTTCCCTTACGCCTTGGGCTAGAATCGCGCTACAATGGCTGGTACAATGCGAAGCGAAGCAGTGATGTGAAGCAAATCGCACCAAAGCCAGTCCCAGTTCGGATAGAAGGCTGAAACTCGCCTTCTTGAAGTCGGAATCGCTAGTAATCGCAGATCAGCATGTTGCGGTGAATA
